
> cyclesync@0.1.0 build
> next build

Γû▓ Next.js 16.1.6 (Turbopack)
- Environments: .env.local

  Creating an optimized production build ...
Γ£ô Compiled successfully in 9.3s
  Running TypeScript ...
  Collecting page data using 11 workers ...
  Generating static pages using 11 workers (0/9) ...
node.exe : Error occurred prerendering page "/history". Read more: 
https://nextjs.org/docs/messages/prerender-error
At C:\Program Files\nodejs\npm.ps1:29 char:3
+   & $NODE_EXE $NPM_CLI_JS $args
+   ~~~~~~~~~~~~~~~~~~~~~~~~~~~~~
    + CategoryInfo          : NotSpecified: (Error occurred ...prere 
   nder-error:String) [], RemoteException
    + FullyQualifiedErrorId : NativeCommandError
 
Error: Invalid supabaseUrl: Must be a valid HTTP or HTTPS URL.
    at <unknown> (C:\floral 
tracking\cyclesync\.next\server\chunks\ssr\_d94ee45b._.js:40:43509)
    at new ce (C:\floral 
tracking\cyclesync\.next\server\chunks\ssr\_d94ee45b._.js:40:43691)
    at <unknown> (C:\floral 
tracking\cyclesync\.next\server\chunks\ssr\_d94ee45b._.js:62:4312)
    at cs (C:\floral 
tracking\cyclesync\.next\server\chunks\ssr\_d94ee45b._.js:62:4544)
    at r (C:\floral tracking\cyclesync\.next\server\chunks\ssr\[root-
of-the-server]__f659d0a5._.js:1:6942) {
  digest: '3880164899'
}
Export encountered an error on /history/page: /history, exiting the 
build.
Γ¿» Next.js build worker exited with code: 1 and signal: null
